------------------------------------------------------------
TimeQuest Timing Analyzer Summary
------------------------------------------------------------

Type  : Slow 1100mV 85C Model Setup 'vga_pll_0|vga_pll_inst|altera_pll_i|general[0].gpll~PLL_OUTPUT_COUNTER|divclk'
Slack : -3.503
TNS   : -90.509

Type  : Slow 1100mV 85C Model Setup 'soc_system:soc_system_0|soc_system_hps_0:hps_0|soc_system_hps_0_hps_io:hps_io|soc_system_hps_0_hps_io_border:border|hps_sdram:hps_sdram_inst|hps_sdram_pll:pll|afi_clk_write_clk'
Slack : 1.730
TNS   : 0.000

Type  : Slow 1100mV 85C Model Setup 'clock_50_1'
Slack : 10.833
TNS   : 0.000

Type  : Slow 1100mV 85C Model Hold 'soc_system:soc_system_0|soc_system_hps_0:hps_0|soc_system_hps_0_hps_io:hps_io|soc_system_hps_0_hps_io_border:border|hps_sdram:hps_sdram_inst|hps_sdram_pll:pll|afi_clk_write_clk'
Slack : 0.143
TNS   : 0.000

Type  : Slow 1100mV 85C Model Hold 'clock_50_1'
Slack : 0.242
TNS   : 0.000

Type  : Slow 1100mV 85C Model Hold 'vga_pll_0|vga_pll_inst|altera_pll_i|general[0].gpll~PLL_OUTPUT_COUNTER|divclk'
Slack : 0.254
TNS   : 0.000

Type  : Slow 1100mV 85C Model Recovery 'vga_pll_0|vga_pll_inst|altera_pll_i|general[0].gpll~PLL_OUTPUT_COUNTER|divclk'
Slack : -3.624
TNS   : -190.776

Type  : Slow 1100mV 85C Model Recovery 'soc_system:soc_system_0|soc_system_hps_0:hps_0|soc_system_hps_0_hps_io:hps_io|soc_system_hps_0_hps_io_border:border|hps_sdram:hps_sdram_inst|hps_sdram_pll:pll|afi_clk_write_clk'
Slack : 3.375
TNS   : 0.000

Type  : Slow 1100mV 85C Model Recovery 'clock_50_1'
Slack : 15.142
TNS   : 0.000

Type  : Slow 1100mV 85C Model Removal 'soc_system:soc_system_0|soc_system_hps_0:hps_0|soc_system_hps_0_hps_io:hps_io|soc_system_hps_0_hps_io_border:border|hps_sdram:hps_sdram_inst|hps_sdram_pll:pll|afi_clk_write_clk'
Slack : 0.470
TNS   : 0.000

Type  : Slow 1100mV 85C Model Removal 'vga_pll_0|vga_pll_inst|altera_pll_i|general[0].gpll~PLL_OUTPUT_COUNTER|divclk'
Slack : 0.795
TNS   : 0.000

Type  : Slow 1100mV 85C Model Removal 'clock_50_1'
Slack : 0.800
TNS   : 0.000

Type  : Slow 1100mV 85C Model Minimum Pulse Width 'soc_system:soc_system_0|soc_system_hps_0:hps_0|soc_system_hps_0_hps_io:hps_io|soc_system_hps_0_hps_io_border:border|hps_sdram:hps_sdram_inst|hps_sdram_pll:pll|pll_write_clk_dq_write_clk'
Slack : 0.608
TNS   : 0.000

Type  : Slow 1100mV 85C Model Minimum Pulse Width 'soc_system:soc_system_0|soc_system_hps_0:hps_0|soc_system_hps_0_hps_io:hps_io|soc_system_hps_0_hps_io_border:border|hps_sdram:hps_sdram_inst|hps_sdram_pll:pll|afi_clk_write_clk'
Slack : 0.623
TNS   : 0.000

Type  : Slow 1100mV 85C Model Minimum Pulse Width 'vga_pll_0|vga_pll_inst|altera_pll_i|general[0].gpll~FRACTIONAL_PLL|vcoph[0]'
Slack : 0.793
TNS   : 0.000

Type  : Slow 1100mV 85C Model Minimum Pulse Width 'clock_50_1'
Slack : 9.213
TNS   : 0.000

Type  : Slow 1100mV 85C Model Minimum Pulse Width 'vga_pll_0|vga_pll_inst|altera_pll_i|general[0].gpll~PLL_OUTPUT_COUNTER|divclk'
Slack : 18.592
TNS   : 0.000

Type  : Slow 1100mV 0C Model Setup 'vga_pll_0|vga_pll_inst|altera_pll_i|general[0].gpll~PLL_OUTPUT_COUNTER|divclk'
Slack : -3.508
TNS   : -90.966

Type  : Slow 1100mV 0C Model Setup 'soc_system:soc_system_0|soc_system_hps_0:hps_0|soc_system_hps_0_hps_io:hps_io|soc_system_hps_0_hps_io_border:border|hps_sdram:hps_sdram_inst|hps_sdram_pll:pll|afi_clk_write_clk'
Slack : 1.727
TNS   : 0.000

Type  : Slow 1100mV 0C Model Setup 'clock_50_1'
Slack : 10.901
TNS   : 0.000

Type  : Slow 1100mV 0C Model Hold 'soc_system:soc_system_0|soc_system_hps_0:hps_0|soc_system_hps_0_hps_io:hps_io|soc_system_hps_0_hps_io_border:border|hps_sdram:hps_sdram_inst|hps_sdram_pll:pll|afi_clk_write_clk'
Slack : 0.162
TNS   : 0.000

Type  : Slow 1100mV 0C Model Hold 'clock_50_1'
Slack : 0.217
TNS   : 0.000

Type  : Slow 1100mV 0C Model Hold 'vga_pll_0|vga_pll_inst|altera_pll_i|general[0].gpll~PLL_OUTPUT_COUNTER|divclk'
Slack : 0.336
TNS   : 0.000

Type  : Slow 1100mV 0C Model Recovery 'vga_pll_0|vga_pll_inst|altera_pll_i|general[0].gpll~PLL_OUTPUT_COUNTER|divclk'
Slack : -3.588
TNS   : -189.042

Type  : Slow 1100mV 0C Model Recovery 'soc_system:soc_system_0|soc_system_hps_0:hps_0|soc_system_hps_0_hps_io:hps_io|soc_system_hps_0_hps_io_border:border|hps_sdram:hps_sdram_inst|hps_sdram_pll:pll|afi_clk_write_clk'
Slack : 3.468
TNS   : 0.000

Type  : Slow 1100mV 0C Model Recovery 'clock_50_1'
Slack : 15.367
TNS   : 0.000

Type  : Slow 1100mV 0C Model Removal 'soc_system:soc_system_0|soc_system_hps_0:hps_0|soc_system_hps_0_hps_io:hps_io|soc_system_hps_0_hps_io_border:border|hps_sdram:hps_sdram_inst|hps_sdram_pll:pll|afi_clk_write_clk'
Slack : 0.460
TNS   : 0.000

Type  : Slow 1100mV 0C Model Removal 'clock_50_1'
Slack : 0.751
TNS   : 0.000

Type  : Slow 1100mV 0C Model Removal 'vga_pll_0|vga_pll_inst|altera_pll_i|general[0].gpll~PLL_OUTPUT_COUNTER|divclk'
Slack : 0.822
TNS   : 0.000

Type  : Slow 1100mV 0C Model Minimum Pulse Width 'soc_system:soc_system_0|soc_system_hps_0:hps_0|soc_system_hps_0_hps_io:hps_io|soc_system_hps_0_hps_io_border:border|hps_sdram:hps_sdram_inst|hps_sdram_pll:pll|pll_write_clk_dq_write_clk'
Slack : 0.613
TNS   : 0.000

Type  : Slow 1100mV 0C Model Minimum Pulse Width 'soc_system:soc_system_0|soc_system_hps_0:hps_0|soc_system_hps_0_hps_io:hps_io|soc_system_hps_0_hps_io_border:border|hps_sdram:hps_sdram_inst|hps_sdram_pll:pll|afi_clk_write_clk'
Slack : 0.630
TNS   : 0.000

Type  : Slow 1100mV 0C Model Minimum Pulse Width 'vga_pll_0|vga_pll_inst|altera_pll_i|general[0].gpll~FRACTIONAL_PLL|vcoph[0]'
Slack : 0.793
TNS   : 0.000

Type  : Slow 1100mV 0C Model Minimum Pulse Width 'clock_50_1'
Slack : 9.278
TNS   : 0.000

Type  : Slow 1100mV 0C Model Minimum Pulse Width 'vga_pll_0|vga_pll_inst|altera_pll_i|general[0].gpll~PLL_OUTPUT_COUNTER|divclk'
Slack : 18.569
TNS   : 0.000

Type  : Fast 1100mV 85C Model Setup 'vga_pll_0|vga_pll_inst|altera_pll_i|general[0].gpll~PLL_OUTPUT_COUNTER|divclk'
Slack : -1.995
TNS   : -51.599

Type  : Fast 1100mV 85C Model Setup 'soc_system:soc_system_0|soc_system_hps_0:hps_0|soc_system_hps_0_hps_io:hps_io|soc_system_hps_0_hps_io_border:border|hps_sdram:hps_sdram_inst|hps_sdram_pll:pll|afi_clk_write_clk'
Slack : 2.110
TNS   : 0.000

Type  : Fast 1100mV 85C Model Setup 'clock_50_1'
Slack : 14.062
TNS   : 0.000

Type  : Fast 1100mV 85C Model Hold 'soc_system:soc_system_0|soc_system_hps_0:hps_0|soc_system_hps_0_hps_io:hps_io|soc_system_hps_0_hps_io_border:border|hps_sdram:hps_sdram_inst|hps_sdram_pll:pll|afi_clk_write_clk'
Slack : 0.084
TNS   : 0.000

Type  : Fast 1100mV 85C Model Hold 'clock_50_1'
Slack : 0.158
TNS   : 0.000

Type  : Fast 1100mV 85C Model Hold 'vga_pll_0|vga_pll_inst|altera_pll_i|general[0].gpll~PLL_OUTPUT_COUNTER|divclk'
Slack : 0.200
TNS   : 0.000

Type  : Fast 1100mV 85C Model Recovery 'vga_pll_0|vga_pll_inst|altera_pll_i|general[0].gpll~PLL_OUTPUT_COUNTER|divclk'
Slack : -2.027
TNS   : -106.838

Type  : Fast 1100mV 85C Model Recovery 'soc_system:soc_system_0|soc_system_hps_0:hps_0|soc_system_hps_0_hps_io:hps_io|soc_system_hps_0_hps_io_border:border|hps_sdram:hps_sdram_inst|hps_sdram_pll:pll|afi_clk_write_clk'
Slack : 3.727
TNS   : 0.000

Type  : Fast 1100mV 85C Model Recovery 'clock_50_1'
Slack : 16.486
TNS   : 0.000

Type  : Fast 1100mV 85C Model Removal 'clock_50_1'
Slack : 0.442
TNS   : 0.000

Type  : Fast 1100mV 85C Model Removal 'soc_system:soc_system_0|soc_system_hps_0:hps_0|soc_system_hps_0_hps_io:hps_io|soc_system_hps_0_hps_io_border:border|hps_sdram:hps_sdram_inst|hps_sdram_pll:pll|afi_clk_write_clk'
Slack : 0.497
TNS   : 0.000

Type  : Fast 1100mV 85C Model Removal 'vga_pll_0|vga_pll_inst|altera_pll_i|general[0].gpll~PLL_OUTPUT_COUNTER|divclk'
Slack : 0.599
TNS   : 0.000

Type  : Fast 1100mV 85C Model Minimum Pulse Width 'vga_pll_0|vga_pll_inst|altera_pll_i|general[0].gpll~FRACTIONAL_PLL|vcoph[0]'
Slack : 0.793
TNS   : 0.000

Type  : Fast 1100mV 85C Model Minimum Pulse Width 'soc_system:soc_system_0|soc_system_hps_0:hps_0|soc_system_hps_0_hps_io:hps_io|soc_system_hps_0_hps_io_border:border|hps_sdram:hps_sdram_inst|hps_sdram_pll:pll|pll_write_clk_dq_write_clk'
Slack : 0.883
TNS   : 0.000

Type  : Fast 1100mV 85C Model Minimum Pulse Width 'soc_system:soc_system_0|soc_system_hps_0:hps_0|soc_system_hps_0_hps_io:hps_io|soc_system_hps_0_hps_io_border:border|hps_sdram:hps_sdram_inst|hps_sdram_pll:pll|afi_clk_write_clk'
Slack : 0.891
TNS   : 0.000

Type  : Fast 1100mV 85C Model Minimum Pulse Width 'clock_50_1'
Slack : 9.097
TNS   : 0.000

Type  : Fast 1100mV 85C Model Minimum Pulse Width 'vga_pll_0|vga_pll_inst|altera_pll_i|general[0].gpll~PLL_OUTPUT_COUNTER|divclk'
Slack : 18.716
TNS   : 0.000

Type  : Fast 1100mV 0C Model Setup 'vga_pll_0|vga_pll_inst|altera_pll_i|general[0].gpll~PLL_OUTPUT_COUNTER|divclk'
Slack : -1.931
TNS   : -50.271

Type  : Fast 1100mV 0C Model Setup 'soc_system:soc_system_0|soc_system_hps_0:hps_0|soc_system_hps_0_hps_io:hps_io|soc_system_hps_0_hps_io_border:border|hps_sdram:hps_sdram_inst|hps_sdram_pll:pll|afi_clk_write_clk'
Slack : 2.110
TNS   : 0.000

Type  : Fast 1100mV 0C Model Setup 'clock_50_1'
Slack : 14.605
TNS   : 0.000

Type  : Fast 1100mV 0C Model Hold 'soc_system:soc_system_0|soc_system_hps_0:hps_0|soc_system_hps_0_hps_io:hps_io|soc_system_hps_0_hps_io_border:border|hps_sdram:hps_sdram_inst|hps_sdram_pll:pll|afi_clk_write_clk'
Slack : 0.077
TNS   : 0.000

Type  : Fast 1100mV 0C Model Hold 'clock_50_1'
Slack : 0.143
TNS   : 0.000

Type  : Fast 1100mV 0C Model Hold 'vga_pll_0|vga_pll_inst|altera_pll_i|general[0].gpll~PLL_OUTPUT_COUNTER|divclk'
Slack : 0.194
TNS   : 0.000

Type  : Fast 1100mV 0C Model Recovery 'vga_pll_0|vga_pll_inst|altera_pll_i|general[0].gpll~PLL_OUTPUT_COUNTER|divclk'
Slack : -1.945
TNS   : -102.429

Type  : Fast 1100mV 0C Model Recovery 'soc_system:soc_system_0|soc_system_hps_0:hps_0|soc_system_hps_0_hps_io:hps_io|soc_system_hps_0_hps_io_border:border|hps_sdram:hps_sdram_inst|hps_sdram_pll:pll|afi_clk_write_clk'
Slack : 3.825
TNS   : 0.000

Type  : Fast 1100mV 0C Model Recovery 'clock_50_1'
Slack : 16.937
TNS   : 0.000

Type  : Fast 1100mV 0C Model Removal 'clock_50_1'
Slack : 0.400
TNS   : 0.000

Type  : Fast 1100mV 0C Model Removal 'soc_system:soc_system_0|soc_system_hps_0:hps_0|soc_system_hps_0_hps_io:hps_io|soc_system_hps_0_hps_io_border:border|hps_sdram:hps_sdram_inst|hps_sdram_pll:pll|afi_clk_write_clk'
Slack : 0.473
TNS   : 0.000

Type  : Fast 1100mV 0C Model Removal 'vga_pll_0|vga_pll_inst|altera_pll_i|general[0].gpll~PLL_OUTPUT_COUNTER|divclk'
Slack : 0.554
TNS   : 0.000

Type  : Fast 1100mV 0C Model Minimum Pulse Width 'vga_pll_0|vga_pll_inst|altera_pll_i|general[0].gpll~FRACTIONAL_PLL|vcoph[0]'
Slack : 0.793
TNS   : 0.000

Type  : Fast 1100mV 0C Model Minimum Pulse Width 'soc_system:soc_system_0|soc_system_hps_0:hps_0|soc_system_hps_0_hps_io:hps_io|soc_system_hps_0_hps_io_border:border|hps_sdram:hps_sdram_inst|hps_sdram_pll:pll|pll_write_clk_dq_write_clk'
Slack : 0.887
TNS   : 0.000

Type  : Fast 1100mV 0C Model Minimum Pulse Width 'soc_system:soc_system_0|soc_system_hps_0:hps_0|soc_system_hps_0_hps_io:hps_io|soc_system_hps_0_hps_io_border:border|hps_sdram:hps_sdram_inst|hps_sdram_pll:pll|afi_clk_write_clk'
Slack : 0.894
TNS   : 0.000

Type  : Fast 1100mV 0C Model Minimum Pulse Width 'clock_50_1'
Slack : 9.063
TNS   : 0.000

Type  : Fast 1100mV 0C Model Minimum Pulse Width 'vga_pll_0|vga_pll_inst|altera_pll_i|general[0].gpll~PLL_OUTPUT_COUNTER|divclk'
Slack : 18.717
TNS   : 0.000

------------------------------------------------------------
Info: see the "DDR report" for DDR timing results
------------------------------------------------------------
------------------------------------------------------------
